I'm sorry, but errors were detected in your script. Please correct the
errors listed below, and try again.


File "game/script.rpy", line 2: expected statement.
    ﻿define pro = Character("Programadora")
                ^

Ren'Py Version: Ren'Py 7.4.11.2266
Sat Dec 17 13:55:51 2022
